mode: atomic
github.com/im-adarsh/go-money/num2words/num2Words.go:25.33,27.2 1 18
github.com/im-adarsh/go-money/num2words/num2Words.go:31.36,33.2 1 15
github.com/im-adarsh/go-money/num2words/num2Words.go:35.46,37.17 1 33
github.com/im-adarsh/go-money/num2words/num2Words.go:37.17,39.3 1 2
github.com/im-adarsh/go-money/num2words/num2Words.go:42.2,46.36 3 31
github.com/im-adarsh/go-money/num2words/num2Words.go:46.36,49.3 2 124
github.com/im-adarsh/go-money/num2words/num2Words.go:51.2,52.36 2 31
github.com/im-adarsh/go-money/num2words/num2Words.go:52.36,54.3 1 124
github.com/im-adarsh/go-money/num2words/num2Words.go:55.2,58.36 3 31
github.com/im-adarsh/go-money/num2words/num2Words.go:58.36,59.21 1 93
github.com/im-adarsh/go-money/num2words/num2Words.go:59.21,62.26 2 3
github.com/im-adarsh/go-money/num2words/num2Words.go:62.26,64.5 1 2
github.com/im-adarsh/go-money/num2words/num2Words.go:66.4,68.32 2 3
github.com/im-adarsh/go-money/num2words/num2Words.go:72.2,72.16 1 31
github.com/im-adarsh/go-money/num2words/num2Words.go:72.16,74.3 1 4
github.com/im-adarsh/go-money/num2words/num2Words.go:76.2,76.17 1 31
github.com/im-adarsh/go-money/num2words/num2Words.go:79.27,81.2 1 248
github.com/im-adarsh/go-money/num2words/num2Words.go:83.66,87.19 3 124
github.com/im-adarsh/go-money/num2words/num2Words.go:87.19,90.21 2 7
github.com/im-adarsh/go-money/num2words/num2Words.go:90.21,92.4 1 5
github.com/im-adarsh/go-money/num2words/num2Words.go:95.2,98.15 3 124
github.com/im-adarsh/go-money/num2words/num2Words.go:98.15,101.17 2 12
github.com/im-adarsh/go-money/num2words/num2Words.go:101.17,103.4 1 8
github.com/im-adarsh/go-money/num2words/num2Words.go:104.8,104.27 1 112
github.com/im-adarsh/go-money/num2words/num2Words.go:104.27,106.3 1 19
github.com/im-adarsh/go-money/num2words/num2Words.go:108.2,108.8 1 124
github.com/im-adarsh/go-money/num2words/num2Words.go:113.36,114.12 1 7
github.com/im-adarsh/go-money/num2words/num2Words.go:114.12,116.3 1 3
github.com/im-adarsh/go-money/num2words/num2Words.go:117.2,117.12 1 4
github.com/im-adarsh/go-money/aggregate.go:13.40,14.18 1 12
github.com/im-adarsh/go-money/aggregate.go:14.18,16.3 1 1
github.com/im-adarsh/go-money/aggregate.go:17.2,19.27 3 11
github.com/im-adarsh/go-money/aggregate.go:19.27,21.17 2 14
github.com/im-adarsh/go-money/aggregate.go:21.17,23.4 1 2
github.com/im-adarsh/go-money/aggregate.go:25.2,25.20 1 9
github.com/im-adarsh/go-money/aggregate.go:36.40,37.18 1 7
github.com/im-adarsh/go-money/aggregate.go:37.18,39.3 1 1
github.com/im-adarsh/go-money/aggregate.go:40.2,41.27 2 6
github.com/im-adarsh/go-money/aggregate.go:41.27,43.17 2 8
github.com/im-adarsh/go-money/aggregate.go:43.17,45.4 1 1
github.com/im-adarsh/go-money/aggregate.go:46.3,46.9 1 7
github.com/im-adarsh/go-money/aggregate.go:46.9,48.4 1 3
github.com/im-adarsh/go-money/aggregate.go:50.2,50.17 1 5
github.com/im-adarsh/go-money/aggregate.go:61.40,62.18 1 7
github.com/im-adarsh/go-money/aggregate.go:62.18,64.3 1 1
github.com/im-adarsh/go-money/aggregate.go:65.2,66.27 2 6
github.com/im-adarsh/go-money/aggregate.go:66.27,68.17 2 8
github.com/im-adarsh/go-money/aggregate.go:68.17,70.4 1 1
github.com/im-adarsh/go-money/aggregate.go:71.3,71.9 1 7
github.com/im-adarsh/go-money/aggregate.go:71.9,73.4 1 3
github.com/im-adarsh/go-money/aggregate.go:75.2,75.17 1 5
github.com/im-adarsh/go-money/aggregate.go:87.44,88.18 1 6
github.com/im-adarsh/go-money/aggregate.go:88.18,90.3 1 1
github.com/im-adarsh/go-money/aggregate.go:91.2,92.16 2 5
github.com/im-adarsh/go-money/aggregate.go:92.16,94.3 1 1
github.com/im-adarsh/go-money/aggregate.go:95.2,95.42 1 4
github.com/im-adarsh/go-money/calculator.go:7.48,9.2 1 25
github.com/im-adarsh/go-money/calculator.go:11.53,13.2 1 5
github.com/im-adarsh/go-money/calculator.go:15.59,17.2 1 6
github.com/im-adarsh/go-money/calculator.go:19.57,21.2 1 14
github.com/im-adarsh/go-money/calculator.go:23.58,25.2 1 4
github.com/im-adarsh/go-money/calculator.go:27.60,29.2 1 20
github.com/im-adarsh/go-money/calculator.go:31.50,32.15 1 10
github.com/im-adarsh/go-money/calculator.go:32.15,34.3 1 3
github.com/im-adarsh/go-money/calculator.go:36.2,36.23 1 7
github.com/im-adarsh/go-money/calculator.go:39.50,40.15 1 3
github.com/im-adarsh/go-money/calculator.go:40.15,42.3 1 1
github.com/im-adarsh/go-money/calculator.go:44.2,44.23 1 2
github.com/im-adarsh/go-money/calculator.go:47.54,48.16 1 8
github.com/im-adarsh/go-money/calculator.go:48.16,50.3 1 1
github.com/im-adarsh/go-money/calculator.go:52.2,56.19 4 7
github.com/im-adarsh/go-money/calculator.go:56.19,58.3 1 4
github.com/im-adarsh/go-money/calculator.go:60.2,62.15 2 7
github.com/im-adarsh/go-money/calculator.go:62.15,64.3 1 2
github.com/im-adarsh/go-money/calculator.go:64.8,66.3 1 5
github.com/im-adarsh/go-money/calculator.go:68.2,68.23 1 7
github.com/im-adarsh/go-money/country.go:79.60,82.2 2 14
github.com/im-adarsh/go-money/country.go:90.70,92.9 2 4
github.com/im-adarsh/go-money/country.go:92.9,94.3 1 1
github.com/im-adarsh/go-money/country.go:95.2,95.31 1 3
github.com/im-adarsh/go-money/currency.go:152.94,163.2 2 4
github.com/im-adarsh/go-money/currency.go:165.41,167.2 1 325
github.com/im-adarsh/go-money/currency.go:170.41,172.2 1 7
github.com/im-adarsh/go-money/currency.go:176.43,184.2 1 36
github.com/im-adarsh/go-money/currency.go:188.43,190.2 1 3
github.com/im-adarsh/go-money/currency.go:193.36,194.40 1 371
github.com/im-adarsh/go-money/currency.go:194.40,196.3 1 368
github.com/im-adarsh/go-money/currency.go:198.2,198.23 1 3
github.com/im-adarsh/go-money/currency.go:201.46,203.2 1 96
github.com/im-adarsh/go-money/currencyToWords.go:127.54,132.2 1 2
github.com/im-adarsh/go-money/currencyToWords.go:145.73,150.19 4 32
github.com/im-adarsh/go-money/currencyToWords.go:150.19,152.3 1 20
github.com/im-adarsh/go-money/currencyToWords.go:153.2,154.16 2 32
github.com/im-adarsh/go-money/currencyToWords.go:154.16,156.3 1 1
github.com/im-adarsh/go-money/currencyToWords.go:157.2,158.16 2 31
github.com/im-adarsh/go-money/currencyToWords.go:158.16,160.3 1 1
github.com/im-adarsh/go-money/currencyToWords.go:162.2,166.9 4 30
github.com/im-adarsh/go-money/currencyToWords.go:166.9,168.3 1 1
github.com/im-adarsh/go-money/currencyToWords.go:171.2,171.21 1 29
github.com/im-adarsh/go-money/currencyToWords.go:171.21,172.19 1 2
github.com/im-adarsh/go-money/currencyToWords.go:172.19,174.4 1 1
github.com/im-adarsh/go-money/currencyToWords.go:175.3,175.49 1 1
github.com/im-adarsh/go-money/currencyToWords.go:179.2,179.22 1 27
github.com/im-adarsh/go-money/currencyToWords.go:179.22,180.34 1 3
github.com/im-adarsh/go-money/currencyToWords.go:180.34,182.4 1 1
github.com/im-adarsh/go-money/currencyToWords.go:182.9,182.26 1 2
github.com/im-adarsh/go-money/currencyToWords.go:182.26,184.4 1 1
github.com/im-adarsh/go-money/currencyToWords.go:184.9,184.25 1 1
github.com/im-adarsh/go-money/currencyToWords.go:184.25,186.4 1 1
github.com/im-adarsh/go-money/currencyToWords.go:189.2,189.33 1 24
github.com/im-adarsh/go-money/currencyToWords.go:189.33,191.3 1 6
github.com/im-adarsh/go-money/currencyToWords.go:191.8,191.25 1 18
github.com/im-adarsh/go-money/currencyToWords.go:191.25,193.3 1 14
github.com/im-adarsh/go-money/currencyToWords.go:193.8,193.24 1 4
github.com/im-adarsh/go-money/currencyToWords.go:193.24,195.3 1 3
github.com/im-adarsh/go-money/currencyToWords.go:196.2,196.18 1 1
github.com/im-adarsh/go-money/currencyToWords.go:200.49,204.2 2 32
github.com/im-adarsh/go-money/exchange.go:31.76,32.15 1 16
github.com/im-adarsh/go-money/exchange.go:32.15,34.3 1 2
github.com/im-adarsh/go-money/exchange.go:35.2,37.16 3 14
github.com/im-adarsh/go-money/exchange.go:37.16,39.3 1 1
github.com/im-adarsh/go-money/exchange.go:40.2,40.59 1 13
github.com/im-adarsh/go-money/exchange.go:44.38,44.55 1 8
github.com/im-adarsh/go-money/exchange.go:47.36,47.51 1 3
github.com/im-adarsh/go-money/exchange.go:50.39,50.56 1 2
github.com/im-adarsh/go-money/exchange.go:57.47,59.2 1 2
github.com/im-adarsh/go-money/exchange.go:67.58,68.51 1 6
github.com/im-adarsh/go-money/exchange.go:68.51,73.3 1 1
github.com/im-adarsh/go-money/exchange.go:74.2,75.34 2 5
github.com/im-adarsh/go-money/formatter.go:18.90,26.2 1 55
github.com/im-adarsh/go-money/formatter.go:29.49,33.27 2 91
github.com/im-adarsh/go-money/formatter.go:33.27,35.3 1 20
github.com/im-adarsh/go-money/formatter.go:37.2,37.22 1 91
github.com/im-adarsh/go-money/formatter.go:37.22,38.52 1 82
github.com/im-adarsh/go-money/formatter.go:38.52,40.4 1 35
github.com/im-adarsh/go-money/formatter.go:43.2,43.20 1 91
github.com/im-adarsh/go-money/formatter.go:43.20,45.3 1 73
github.com/im-adarsh/go-money/formatter.go:46.2,50.16 3 91
github.com/im-adarsh/go-money/formatter.go:50.16,52.3 1 18
github.com/im-adarsh/go-money/formatter.go:54.2,54.11 1 91
github.com/im-adarsh/go-money/formatter.go:58.44,59.16 1 91
github.com/im-adarsh/go-money/formatter.go:59.16,61.3 1 18
github.com/im-adarsh/go-money/formatter.go:63.2,63.15 1 73
github.com/im-adarsh/go-money/money.go:43.44,48.2 1 300
github.com/im-adarsh/go-money/money.go:57.55,64.2 3 7
github.com/im-adarsh/go-money/money.go:67.38,69.2 1 22
github.com/im-adarsh/go-money/money.go:72.32,74.2 1 125
github.com/im-adarsh/go-money/money.go:77.46,79.2 1 93
github.com/im-adarsh/go-money/money.go:81.53,82.25 1 91
github.com/im-adarsh/go-money/money.go:82.25,84.3 1 14
github.com/im-adarsh/go-money/money.go:86.2,86.12 1 77
github.com/im-adarsh/go-money/money.go:89.40,90.9 1 36
github.com/im-adarsh/go-money/money.go:91.36,92.11 1 12
github.com/im-adarsh/go-money/money.go:93.36,94.12 1 14
github.com/im-adarsh/go-money/money.go:97.2,97.10 1 10
github.com/im-adarsh/go-money/money.go:103.49,104.49 1 4
github.com/im-adarsh/go-money/money.go:104.49,106.3 1 1
github.com/im-adarsh/go-money/money.go:108.2,108.27 1 3
github.com/im-adarsh/go-money/money.go:113.49,114.49 1 6
github.com/im-adarsh/go-money/money.go:114.49,116.3 1 1
github.com/im-adarsh/go-money/money.go:118.2,118.32 1 5
github.com/im-adarsh/go-money/money.go:123.54,124.49 1 13
github.com/im-adarsh/go-money/money.go:124.49,126.3 1 2
github.com/im-adarsh/go-money/money.go:128.2,128.32 1 11
github.com/im-adarsh/go-money/money.go:133.61,134.49 1 4
github.com/im-adarsh/go-money/money.go:134.49,136.3 1 1
github.com/im-adarsh/go-money/money.go:138.2,138.32 1 3
github.com/im-adarsh/go-money/money.go:143.51,144.49 1 13
github.com/im-adarsh/go-money/money.go:144.49,146.3 1 2
github.com/im-adarsh/go-money/money.go:148.2,148.33 1 11
github.com/im-adarsh/go-money/money.go:153.58,154.49 1 4
github.com/im-adarsh/go-money/money.go:154.49,156.3 1 1
github.com/im-adarsh/go-money/money.go:158.2,158.32 1 3
github.com/im-adarsh/go-money/money.go:162.31,164.2 1 3
github.com/im-adarsh/go-money/money.go:167.35,169.2 1 3
github.com/im-adarsh/go-money/money.go:172.35,174.2 1 3
github.com/im-adarsh/go-money/money.go:177.35,179.2 1 3
github.com/im-adarsh/go-money/money.go:183.35,185.2 1 3
github.com/im-adarsh/go-money/money.go:189.48,190.49 1 20
github.com/im-adarsh/go-money/money.go:190.49,192.3 1 3
github.com/im-adarsh/go-money/money.go:194.2,194.88 1 17
github.com/im-adarsh/go-money/money.go:199.53,200.49 1 6
github.com/im-adarsh/go-money/money.go:200.49,202.3 1 1
github.com/im-adarsh/go-money/money.go:204.2,204.93 1 5
github.com/im-adarsh/go-money/money.go:208.44,210.2 1 6
github.com/im-adarsh/go-money/money.go:215.42,217.2 1 10
github.com/im-adarsh/go-money/money.go:223.46,228.2 1 6
github.com/im-adarsh/go-money/money.go:233.32,235.2 1 8
github.com/im-adarsh/go-money/money.go:242.53,243.30 1 6
github.com/im-adarsh/go-money/money.go:243.30,245.3 1 1
github.com/im-adarsh/go-money/money.go:246.2,249.14 4 5
github.com/im-adarsh/go-money/money.go:249.14,251.3 1 1
github.com/im-adarsh/go-money/money.go:252.2,252.20 1 5
github.com/im-adarsh/go-money/money.go:261.48,262.12 1 5
github.com/im-adarsh/go-money/money.go:262.12,264.3 1 1
github.com/im-adarsh/go-money/money.go:266.2,269.25 3 4
github.com/im-adarsh/go-money/money.go:269.25,271.3 1 13
github.com/im-adarsh/go-money/money.go:273.2,276.26 2 4
github.com/im-adarsh/go-money/money.go:276.26,279.3 2 4
github.com/im-adarsh/go-money/money.go:281.2,281.16 1 4
github.com/im-adarsh/go-money/money.go:290.55,291.18 1 8
github.com/im-adarsh/go-money/money.go:291.18,293.3 1 1
github.com/im-adarsh/go-money/money.go:296.2,297.23 2 7
github.com/im-adarsh/go-money/money.go:297.23,299.3 1 20
github.com/im-adarsh/go-money/money.go:301.2,303.23 3 7
github.com/im-adarsh/go-money/money.go:303.23,311.3 3 20
github.com/im-adarsh/go-money/money.go:314.2,316.12 3 7
github.com/im-adarsh/go-money/money.go:316.12,318.3 1 1
github.com/im-adarsh/go-money/money.go:320.2,320.27 1 7
github.com/im-adarsh/go-money/money.go:320.27,323.3 2 4
github.com/im-adarsh/go-money/money.go:325.2,325.16 1 7
github.com/im-adarsh/go-money/money.go:333.34,336.2 2 36
github.com/im-adarsh/go-money/money.go:340.33,342.2 1 1
github.com/im-adarsh/go-money/money.go:353.37,354.30 1 6
github.com/im-adarsh/go-money/money.go:354.30,356.3 1 1
github.com/im-adarsh/go-money/money.go:357.2,358.36 2 5
github.com/im-adarsh/go-money/money.go:367.34,370.2 2 10
github.com/im-adarsh/go-money/money.go:380.49,385.2 1 7
github.com/im-adarsh/go-money/money.go:393.32,394.30 1 9
github.com/im-adarsh/go-money/money.go:394.30,396.3 1 2
github.com/im-adarsh/go-money/money.go:397.2,398.30 2 7
github.com/im-adarsh/go-money/money.go:408.56,409.50 1 11
github.com/im-adarsh/go-money/money.go:409.50,411.3 1 1
github.com/im-adarsh/go-money/money.go:412.2,412.50 1 10
github.com/im-adarsh/go-money/money.go:412.50,414.3 1 1
github.com/im-adarsh/go-money/money.go:415.2,415.37 1 9
github.com/im-adarsh/go-money/money.go:415.37,417.3 1 1
github.com/im-adarsh/go-money/money.go:418.2,418.35 1 8
github.com/im-adarsh/go-money/money.go:418.35,420.3 1 2
github.com/im-adarsh/go-money/money.go:421.2,421.35 1 6
github.com/im-adarsh/go-money/money.go:421.35,423.3 1 2
github.com/im-adarsh/go-money/money.go:424.2,424.78 1 4
github.com/im-adarsh/go-money/money.go:433.73,437.26 3 20
github.com/im-adarsh/go-money/money.go:437.26,439.3 1 3
github.com/im-adarsh/go-money/money.go:441.2,442.14 2 20
github.com/im-adarsh/go-money/money.go:442.14,444.3 1 2
github.com/im-adarsh/go-money/money.go:445.2,446.16 2 20
github.com/im-adarsh/go-money/money.go:446.16,448.3 1 1
github.com/im-adarsh/go-money/money.go:450.2,454.14 4 20
github.com/im-adarsh/go-money/money.go:455.19,456.28 1 6
github.com/im-adarsh/go-money/money.go:456.28,458.4 1 3
github.com/im-adarsh/go-money/money.go:458.9,460.4 1 3
github.com/im-adarsh/go-money/money.go:461.21,462.27 1 3
github.com/im-adarsh/go-money/money.go:462.27,464.4 1 1
github.com/im-adarsh/go-money/money.go:464.9,466.4 1 2
github.com/im-adarsh/go-money/money.go:467.21,469.23 2 4
github.com/im-adarsh/go-money/money.go:469.23,471.4 1 1
github.com/im-adarsh/go-money/money.go:471.9,471.31 1 3
github.com/im-adarsh/go-money/money.go:471.31,472.23 1 2
github.com/im-adarsh/go-money/money.go:472.23,474.5 1 1
github.com/im-adarsh/go-money/money.go:474.10,476.5 1 1
github.com/im-adarsh/go-money/money.go:477.9,479.4 1 1
github.com/im-adarsh/go-money/money.go:480.15,481.20 1 3
github.com/im-adarsh/go-money/money.go:481.20,483.4 1 2
github.com/im-adarsh/go-money/money.go:483.9,485.4 1 1
github.com/im-adarsh/go-money/money.go:486.17,487.21 1 2
github.com/im-adarsh/go-money/money.go:488.10,489.28 1 2
github.com/im-adarsh/go-money/money.go:489.28,491.4 1 1
github.com/im-adarsh/go-money/money.go:491.9,493.4 1 1
github.com/im-adarsh/go-money/money.go:496.2,496.75 1 20
github.com/im-adarsh/go-money/money.go:504.49,506.2 1 2
github.com/im-adarsh/go-money/money.go:518.46,523.2 1 2
github.com/im-adarsh/go-money/money.go:527.47,529.47 2 3
github.com/im-adarsh/go-money/money.go:529.47,531.3 1 1
github.com/im-adarsh/go-money/money.go:532.2,534.12 3 2
github.com/im-adarsh/go-money/rounding.go:40.57,45.2 1 35
github.com/im-adarsh/go-money/rounding.go:49.72,50.33 1 35
github.com/im-adarsh/go-money/rounding.go:50.33,52.3 1 7
github.com/im-adarsh/go-money/rounding.go:54.2,58.15 4 28
github.com/im-adarsh/go-money/rounding.go:58.15,61.3 2 5
github.com/im-adarsh/go-money/rounding.go:63.2,68.14 4 28
github.com/im-adarsh/go-money/rounding.go:69.19,70.25 1 6
github.com/im-adarsh/go-money/rounding.go:70.25,72.4 1 4
github.com/im-adarsh/go-money/rounding.go:72.9,74.4 1 2
github.com/im-adarsh/go-money/rounding.go:76.21,77.24 1 5
github.com/im-adarsh/go-money/rounding.go:77.24,79.4 1 1
github.com/im-adarsh/go-money/rounding.go:79.9,81.4 1 4
github.com/im-adarsh/go-money/rounding.go:83.21,85.20 2 7
github.com/im-adarsh/go-money/rounding.go:85.20,87.4 1 1
github.com/im-adarsh/go-money/rounding.go:87.9,87.28 1 6
github.com/im-adarsh/go-money/rounding.go:87.28,89.23 1 5
github.com/im-adarsh/go-money/rounding.go:89.23,91.5 1 2
github.com/im-adarsh/go-money/rounding.go:91.10,93.5 1 3
github.com/im-adarsh/go-money/rounding.go:94.9,96.4 1 1
github.com/im-adarsh/go-money/rounding.go:98.15,99.20 1 4
github.com/im-adarsh/go-money/rounding.go:99.20,101.4 1 3
github.com/im-adarsh/go-money/rounding.go:101.9,103.4 1 1
github.com/im-adarsh/go-money/rounding.go:105.17,106.27 1 4
github.com/im-adarsh/go-money/rounding.go:108.10,110.25 1 2
github.com/im-adarsh/go-money/rounding.go:110.25,112.4 1 1
github.com/im-adarsh/go-money/rounding.go:112.9,114.4 1 1
github.com/im-adarsh/go-money/rounding.go:117.2,117.32 1 28
github.com/im-adarsh/go-money/sql.go:18.46,20.2 1 5
github.com/im-adarsh/go-money/sql.go:30.45,32.25 2 9
github.com/im-adarsh/go-money/sql.go:33.14,34.10 1 7
github.com/im-adarsh/go-money/sql.go:35.14,36.18 1 1
github.com/im-adarsh/go-money/sql.go:37.10,38.88 1 1
github.com/im-adarsh/go-money/sql.go:41.2,42.21 2 8
github.com/im-adarsh/go-money/sql.go:42.21,47.3 1 1
github.com/im-adarsh/go-money/sql.go:49.2,50.16 2 7
github.com/im-adarsh/go-money/sql.go:50.16,52.3 1 1
github.com/im-adarsh/go-money/sql.go:54.2,56.12 3 6
